// Jest Snapshot v1, https://goo.gl/fbAQLP

exports[`Author create Snapshot 1`] = `
<div
  class="w-full px-2 xs:mb-6 md:mb-12 article-card mt-10"
>
  <a
    class="flex transition-shadow duration-150 ease-in-out shadow-sm hover:shadow-md xxlmax:flex-col"
  >
    <nuxt-img
      class="h-32 xxlmin:w-1/2 xxlmax:w-full object-cover rounded-md"
      fit="cover"
      format="png"
      loading="lazy"
      placeholder="Gabriel Caiana"
      quality="80"
      src="images/me.jpg"
    />
     
    <div
      class="flex flex-col m-4"
    >
      <p
        class="font-general-medium text-white"
      >
        Gabriel Caiana
      </p>
       
      <p
        class="font-general-regular text-white"
      >
        I\`am front-end developer
      </p>
    </div>
  </a>
</div>
`;
