// Jest Snapshot v1, https://goo.gl/fbAQLP

exports[`ArticleList create Snapshot 1`] = `
<div>
  <ul
    class="flex flex-wrap gap-4"
  >
    <li
      class="w-full md:w-[416px] bg-primary-700 cursor-pointer rounded-md transform transition duration-500 hover:scale-105"
    >
      <a>
        <div>
          <img
            alt="My jest test"
            class="w-full h-64 object-cover mb-4 rounded-t-md"
            src="https://miro.medium.com/max/1400/1*qel9XXYWGOh-bcewpFsu8w.png"
          />
           
          <div
            class="px-4 my-4"
          >
            <h2
              class="font-bold text-xl mb-2 text-white font-general-medium"
            >
              
              My jest test
            
            </h2>
             
            <p
              class="text-sm line-clamp-4 text-primary-200 font-general-regular"
            >
              
              Testing vue component
            
            </p>
          </div>
        </div>
      </a>
    </li>
    <li
      class="w-full md:w-[416px] bg-primary-700 cursor-pointer rounded-md transform transition duration-500 hover:scale-105"
    >
      <a>
        <div>
          <img
            alt="My jest test 2"
            class="w-full h-64 object-cover mb-4 rounded-t-md"
            src="https://miro.medium.com/max/1400/1*qel9XXYWGOh-bcewpFsu8w.png"
          />
           
          <div
            class="px-4 my-4"
          >
            <h2
              class="font-bold text-xl mb-2 text-white font-general-medium"
            >
              
              My jest test 2
            
            </h2>
             
            <p
              class="text-sm line-clamp-4 text-primary-200 font-general-regular"
            >
              
              Testing vue component 2
            
            </p>
          </div>
        </div>
      </a>
    </li>
  </ul>
   
  <div
    class="constainer mx-auto my-5 max-w-5xl"
  >
    <!---->
  </div>
</div>
`;
