// Jest Snapshot v1, https://goo.gl/fbAQLP

exports[`ArticleList create Snapshot 1`] = `
<div
  class="container content-area mx-auto my-9 px-6"
>
  <ul
    class="max-w-5xl mx-auto"
  >
    <li
      class="mb-12 bg-white bg-opacity-5 p-5 rounded shadow"
    >
      <a
        class="md:grid md:gap-4 md:grid-cols-2 flex items-center flex flex-col"
      >
        <img
          alt="My jest test"
          class="mb-4 border rounded"
          src="https://miro.medium.com/max/1400/1*qel9XXYWGOh-bcewpFsu8w.png"
        />
         
        <div>
          <h2
            class="font-bold text-2xl mb-2"
          >
            
            My jest test
          
          </h2>
           
          <p
            class="text-lg"
          >
            Testing vue component
          </p>
           
          <p
            class="font-bold text-blue-500 hover:text-blue-700 transition duration-300 ease-in-out mt-2"
          >
            
            Ler mais
            <span
              class="text-blue-500 hover:text-blue-700 transition duration-300 ease-in-out"
            >
              …
            </span>
          </p>
        </div>
      </a>
    </li>
    <li
      class="mb-12 bg-white bg-opacity-5 p-5 rounded shadow"
    >
      <a
        class="md:grid md:gap-4 md:grid-cols-2 flex items-center flex flex-col"
      >
        <img
          alt="My jest test 2"
          class="mb-4 border rounded"
          src="https://miro.medium.com/max/1400/1*qel9XXYWGOh-bcewpFsu8w.png"
        />
         
        <div>
          <h2
            class="font-bold text-2xl mb-2"
          >
            
            My jest test 2
          
          </h2>
           
          <p
            class="text-lg"
          >
            Testing vue component 2
          </p>
           
          <p
            class="font-bold text-blue-500 hover:text-blue-700 transition duration-300 ease-in-out mt-2"
          >
            
            Ler mais
            <span
              class="text-blue-500 hover:text-blue-700 transition duration-300 ease-in-out"
            >
              …
            </span>
          </p>
        </div>
      </a>
    </li>
  </ul>
   
  <div
    class="constainer mx-auto my-5 max-w-5xl"
  >
    <!---->
  </div>
</div>
`;
